C:\Users\Lenovo\Documents\NetBeansProjects\ecommerceProject\src\main\java\com\mycompany\ecommerceproject\helper\Helper.java
C:\Users\Lenovo\Documents\NetBeansProjects\ecommerceProject\src\main\java\com\mycompany\ecommerceproject\entities\product.java
C:\Users\Lenovo\Documents\NetBeansProjects\ecommerceProject\src\main\java\com\mycompany\ecommerceproject\helper\FactoryProvider.java
C:\Users\Lenovo\Documents\NetBeansProjects\ecommerceProject\src\main\java\com\mycompany\ecommerceproject\servlets\LogOutServlet.java
C:\Users\Lenovo\Documents\NetBeansProjects\ecommerceProject\src\main\java\com\mycompany\ecommerceproject\dao\categoryDAO.java
C:\Users\Lenovo\Documents\NetBeansProjects\ecommerceProject\src\main\java\com\mycompany\ecommerceproject\servlets\LoginServlet.java
C:\Users\Lenovo\Documents\NetBeansProjects\ecommerceProject\src\main\java\com\mycompany\ecommerceproject\servlets\ProductOperationServlet.java
C:\Users\Lenovo\Documents\NetBeansProjects\ecommerceProject\src\main\java\com\mycompany\ecommerceproject\dao\productDAO.java
C:\Users\Lenovo\Documents\NetBeansProjects\ecommerceProject\src\main\java\com\mycompany\ecommerceproject\servlets\SignUpServlet.java
C:\Users\Lenovo\Documents\NetBeansProjects\ecommerceProject\src\main\java\com\mycompany\ecommerceproject\entities\category.java
C:\Users\Lenovo\Documents\NetBeansProjects\ecommerceProject\src\main\java\com\mycompany\ecommerceproject\entities\User.java
C:\Users\Lenovo\Documents\NetBeansProjects\ecommerceProject\src\main\java\com\mycompany\ecommerceproject\dao\userDAO.java
